
[1m[46m RUN [49m[22m [36mv4.0.16 [39m[90mC:/Users/dorsc/Desktop/OpenFront[39m

node.exe : [31mΓÄ»ΓÄ»ΓÄ»ΓÄ»ΓÄ»ΓÄ»[39m[1m[41m Unhandled 
Errors [49m[22m[31mΓÄ»ΓÄ»ΓÄ»ΓÄ»ΓÄ»ΓÄ»[39m
At C:\Program Files\nodejs\npx.ps1:29 char:3
+   & $NODE_EXE $NPX_CLI_JS $args
+   ~~~~~~~~~~~~~~~~~~~~~~~~~~~~~
    + CategoryInfo          : NotSpecified: ([31mΓÄ»ΓÄ»ΓÄ» 
   Γ...»ΓÄ»ΓÄ»ΓÄ»[39m:String) [], RemoteException
    + FullyQualifiedErrorId : NativeCommandError
 
[31m[1m
Vitest caught 1 unhandled error during the test run.
This might cause false positive tests. Resolve unhandled 
errors to make sure your tests are not affected.[22m[39m

[31mΓÄ»ΓÄ»ΓÄ»ΓÄ»ΓÄ»ΓÄ»[39m[1m[41m Unhandled Error 
[49m[22m[31mΓÄ»ΓÄ»ΓÄ»ΓÄ»ΓÄ»ΓÄ»ΓÄ»[39m
[31m[1mError[22m: require() of ES Module C:\Users\dorsc\D
esktop\OpenFront\node_modules\@exodus\bytes\encoding-lite.js
 from C:\Users\dorsc\Desktop\OpenFront\node_modules\html-enc
oding-sniffer\lib\html-encoding-sniffer.js not supported.
Instead change the require of encoding-lite.js in C:\Users\d
orsc\Desktop\OpenFront\node_modules\html-encoding-sniffer\li
b\html-encoding-sniffer.js to a dynamic import() which is 
available in all CommonJS modules.[39m
[90m [2mΓ¥»[22m TracingChannel.traceSync 
node:diagnostics_channel:[2m315:14[22m[39m
[90m [2mΓ¥»[22m Object.<anonymous> node_modules/html-enco
ding-sniffer/lib/html-encoding-sniffer.js:[2m2:41[22m[39m

[31m[2mΓÄ»ΓÄ»ΓÄ»ΓÄ»ΓÄ»ΓÄ»ΓÄ»ΓÄ»ΓÄ»ΓÄ»ΓÄ»ΓÄ»ΓÄ»ΓÄ»ΓÄ»ΓÄ»ΓÄ»
ΓÄ»ΓÄ»ΓÄ»ΓÄ»ΓÄ»ΓÄ»ΓÄ»ΓÄ»ΓÄ»ΓÄ»ΓÄ»ΓÄ»ΓÄ»[22m[39m
[31m[1mSerialized Error:[22m[39m [90m{ code: 
'ERR_REQUIRE_ESM' }[39m
[31mΓÄ»ΓÄ»ΓÄ»ΓÄ»ΓÄ»ΓÄ»ΓÄ»ΓÄ»ΓÄ»ΓÄ»ΓÄ»ΓÄ»ΓÄ»ΓÄ»ΓÄ»ΓÄ»ΓÄ»ΓÄ»Γ
Ä»ΓÄ»ΓÄ»ΓÄ»ΓÄ»ΓÄ»ΓÄ»ΓÄ»ΓÄ»ΓÄ»ΓÄ»ΓÄ»[39m


[2m Test Files [22m [2mno tests[22m
[2m      Tests [22m [2mno tests[22m
[2m     Errors [22m [1m[31m1 error[39m[22m
[2m   Start at [22m 17:23:16
[2m   Duration [22m 395ms[2m (transform 0ms, setup 0ms, import 0ms, tests 0ms, environment 0ms)[22m

